((mandelbrot 777) 0.6900000000 1.2600000000) is 2
