(cyan 72) is 108
(yellow 72) is 58
(magenta 72) is 4
(cym 72) is #6C3A04
