((mandelbrot 4904) 1.0700000000 0.0800000000) is 2
