(cyan 52) is 174
(yellow 52) is 0
(magenta 52) is 29
(cym 52) is #AE001D
