(halve 12786) is 6393
(double 12786) is 25572
(div2? 12786) is #t
(ethiop 12786 13320) is 170309520
