(S <function anonymous(x)> 1272) is 0.693539799266602
(w <function anonymous(x)> 1272) is 0.693147180499451
