((crazyTriangle 4 8) 8)
       4
      4 8
     4 12 8
    4 16 20 8
   4 20 36 28 8
  4 24 56 64 36 8
 4 28 80 120 100 44 8
4 32 108 200 220 144 52 8
