(cyan 11) is 251
(yellow 11) is 168
(magenta 11) is 238
(cym 11) is #FBA8EE
