(((((curry <function f(a b c d)>) 1000) 100) 10) 1) is 889
