((mandelbrot 3387) 0.8000000000 1.0700000000) is 2
