((crazyTriangle -16 12) 5)
    -16
   -16 12
  -16 -4 12
 -16 -20 8 12
-16 -36 -12 20 12
