(S <function anonymous(x)> 1356) is 0.693515504635209
(w <function anonymous(x)> 1356) is 0.693147180509973
