(ramanujani 12) is 3.9998695293549548779310499
$4$
