(((((curry <function f(a b c d)>) 1.1000000000) 2.2000000000) 3.3000000000) 4.4000000000) is 11.000000000
