(ramanujanr 20) is 3.9999996200104743770964433
$4$
