((mandelbrot 8076) -0.4200000000 1.4500000000) is 2
