(((((curry <function g(w x y z)>) -50) -83) 10) -69) is 92
