(ramanujanr 0) is 2.4494897427831778813356323
$4$
