(ramanujani 51) is 4.0000000000000000000000000
$4$
