(((((curry <function f(a b c d)>) 1) 2) 3) 4) is 10
