(cyan 46) is 191
(yellow 46) is 2
(magenta 46) is 55
(cym 46) is #BF0237
