(ramanujanr 29) is 3.9999999994125410296419432
$4$
