(((((curry <function g(w x y z)>) 25) 17) 70) -76) is 36
