(S <function anonymous(x)> 1609) is 0.692836718000615
(w <function anonymous(x)> 1609) is 0.693147180589891
