(cyan 65) is 133
(yellow 65) is 27
(magenta 65) is 0
(cym 65) is #851B00
