(ramanujanr 2) is 3.7242809307825592846086238
$4$
