(S <function anonymous(x)> 1278) is 0.693537958147791
(w <function anonymous(x)> 1278) is 0.693147180500292
