(cyan 18) is 244
(yellow 18) is 118
(magenta 18) is 211
(cym 18) is #F476D3
