(halve 11961) is 5980
(double 11961) is 23922
(div2? 11961) is #f
(ethiop 11961 14853) is 177656733
