(S <function anonymous(x)> 1193) is 0.692728595451205
(w <function anonymous(x)> 1193) is 0.693147180633283
