(S <function anonymous(x)> 33) is 0.405465108107605
(w <function anonymous(x)> 33) is 0.405467044958533
