((crazyTriangle -11 -11) 10)
         -11
        -11 -11
       -11 -22 -11
      -11 -33 -33 -11
     -11 -44 -66 -44 -11
    -11 -55 -110 -110 -55 -11
   -11 -66 -165 -220 -165 -66 -11
  -11 -77 -231 -385 -385 -231 -77 -11
 -11 -88 -308 -616 -770 -616 -308 -88 -11
-11 -99 -396 -924 -1386 -1386 -924 -396 -99 -11
