(ramanujani 1) is 3.3602831163652240320516285
$4$
