(S <function anonymous(x)> 0) is 1.000000000000000
(w <function anonymous(x)> 0) is 1.000000000000000
