(1.0000000000,1.0220987804,1.0444390775,1.0670208913,1.0898442218,...)
(0.000000e+00,0.0111104329,0.0224650365,0.0340664649,0.0459173721,...)
(1.0000000000,1.0220987804,1.0444390775,1.0670208913,1.0898442218,...)
(same-stream? qs ds 10 0.0010000000) is #t
