(0.000000e+00,-0.0009765625,-0.0039062500,-0.0087890625,-0.0156250000,...)
(0.000000e+00,-0.0000152588,-0.0000915527,-0.0002899170,-0.0006713867,...)
(0.000000e+00,-0.0009765625,-0.0039062500,-0.0087890625,-0.0156250000,...)
(same-stream? qs ds 10 0.0010000000) is #t
