[71,17,68,20,40,81,13,43,76,93,77,81,81,27,42,67,28,97,41,32,...]
[27,64,79,40,94,78,37,18,39,93,49,51,26,37,63,26,16,17,28,63,...]
