op is <builtin +(@)>
(36,31,-76,-33,58,-91,-26,47,85,50,59,59,...)
(0,36,36,1,31,67,2,-76,-9,3,-33,-42,...)
