[60,80,78,38,14,61,96,22,39,47]
[60,80,78,38,14,61,22,39,47]
[60,80,78,38,14,61,22,47]
[60,80,78,38,14,22,47]
[60,80,78,38,22,47]
[60,80,78,38,47]
[60,80,78,38]
[60,80,78]
[60,78]
[60]
[]
