[35,55,80,13,61,94,17,67,88,65,45,13,90,85,25,85,51,47,95,87,83,36,45,32,71,87,44,57,71,69,22,96,25,93,99,76,87,17,43,76,72,79,79,62,65,95,47,17,42,43,94,26,70,40,49,41,28,84,89,89,54,11,86,69,94,86,45,82,93,79,58,65,59,38,28,24,34,66,31,66,99,26,83,69,56,32,11,74,16,90,63,60,92,49,30,86,35,66,69,29,45,28,85,94,57,13,19,81,69,41,48,69,57,31,38,13,54,39,77,60,30,41,21,22,81,42,99,17,98,68,36,43,86,21,38,44,25,48,25,84,79,63,54,36,85,82,39,39,22]
