(1.0000000000,0.9365234375,0.8710937500,0.8037109375,0.7343750000,...)
(0.000000e+00,0.0302581787,0.0585021973,0.0846710205,0.1087036133,...)
(1.0000000000,0.9365234375,0.8710937500,0.8037109375,0.7343750000,...)
(same-stream? qs ds 10 0.0010000000) is #t
