op is <builtin -(@)>
(52,-96,21,25,-51,-3,-77,92,-63,-45,-60,-56,...)
(0,52,52,1,-96,148,2,21,127,3,25,102,...)
