op is <builtin +(@)>
(-47,36,-37,34,99,-70,-36,-41,-46,68,82,-39,...)
(0,-47,-47,1,36,-11,2,-37,-48,3,34,-14,...)
