(1.0000000000,0.7500000001,0.5000000002,0.2500000003,3.999999e-10,...)
(0.000000e+00,0.0729166666,0.1250000000,0.1562500000,0.1666666667,...)
(1.0000000000,0.7500000001,0.5000000002,0.2500000003,4.000003e-10,...)
(same-stream? qs ds 10 0.0010000000) is #t
