[44,40,24,67,26,44,11,12,10,48]
[44,40,24,26,44,11,12,10,48]
[44,40,24,26,44,11,12,48]
[44,24,26,44,11,12,48]
[44,24,26,44,11,12]
[44,24,26,11,12]
[44,24,26,12]
[44,26,12]
[44,12]
[44]
[]
[]
[69,43,10,27,45,51,85,27,83,93]
[69,43,10,27,45,85,27,83,93]
[69,43,10,27,45,85,27,93]
[69,10,27,45,85,27,93]
[69,10,27,45,85,93]
[69,10,27,45,93]
[69,10,27,93]
[69,27,93]
[27,93]
[93]
[]
