op is <builtin *(@)>
(70,-58,4,3,-58,-46,-45,70,24,-11,8,-35,...)
(0,70,70,1,-58,-4060,2,4,-16240,3,3,-48720,...)
